<?xml version="1.0" encoding="UTF-8"?>
<testsuites name="Mocha Tests" time="27.1920" tests="4" failures="0">
  <testsuite name="Root Suite" timestamp="2023-10-10T11:33:44" tests="0" time="0.0000" failures="0">
  </testsuite>
  <testsuite name="Preparing to test API" timestamp="2023-10-10T11:33:44" tests="0" file="D:\xampp\htdocs\cricket-analyste\test\test.js" time="0.0000" failures="0">
  </testsuite>
  <testsuite name="API testing started" timestamp="2023-10-10T11:33:44" tests="4" file="D:\xampp\htdocs\cricket-analyste\test\test.js" time="27.1920" failures="0">
    <testcase name="Preparing to test API API testing started it should test prob1 API" time="0.1410" classname="it should test prob1 API">
    </testcase>
    <testcase name="Preparing to test API API testing started it should test prob2 API" time="7.0310" classname="it should test prob2 API">
    </testcase>
    <testcase name="Preparing to test API API testing started it should test prob3 API" time="9.4780" classname="it should test prob3 API">
    </testcase>
    <testcase name="Preparing to test API API testing started it should test prob 4 API" time="10.5420" classname="it should test prob 4 API">
    </testcase>
  </testsuite>
</testsuites>